"x"
"1" 1
"2" -0.196897450741462
"3" 0.497545996263001
"4" -0.199124597877407
"5" 0.710018967433484
"6" -0.338554996214177
"7" 0.281732390498527
"8" -0.296609989974221
"9" 0.450438613826516
"10" -0.387427718251421
"11" 0.126220963409912
"12" -0.302213248993827
"13" 0.23845173319046
"14" -0.335570426165775
